#-----------------------------------------------------------
# Vivado v2019.1 (64-bit)
# SW Build 2552052 on Fri May 24 14:49:42 MDT 2019
# IP Build 2548770 on Fri May 24 18:01:18 MDT 2019
# Start of session at: Wed Jan 27 10:24:18 2021
# Process ID: 35308
# Current directory: C:/Users/Robby/Desktop/Lab_1
# Command line: vivado.exe -gui_launcher_event rodinguilauncherevent33804 C:\Users\Robby\Desktop\Lab_1\Lab_1.xpr
# Log file: C:/Users/Robby/Desktop/Lab_1/vivado.log
# Journal file: C:/Users/Robby/Desktop/Lab_1\vivado.jou
#-----------------------------------------------------------
start_gui
open_project C:/Users/Robby/Desktop/Lab_1/Lab_1.xpr
update_compile_order -fileset sources_1
open_hw
connect_hw_server -url localhost:3121
current_hw_target [get_hw_targets */xilinx_tcf/Digilent/003017ADA568A]
set_property PARAM.FREQUENCY 15000000 [get_hw_targets */xilinx_tcf/Digilent/003017ADA568A]
open_hw_target
set_property PROGRAM.FILE {C:/Users/Robby/Desktop/Lab_1/Lab_1.runs/impl_1/z1top.bit} [get_hw_devices xc7z020_1]
current_hw_device [get_hw_devices xc7z020_1]
refresh_hw_device -update_hw_probes false [lindex [get_hw_devices xc7z020_1] 0]
set_property PROBES.FILE {} [get_hw_devices xc7z020_1]
set_property FULL_PROBES.FILE {} [get_hw_devices xc7z020_1]
set_property PROGRAM.FILE {C:/Users/Robby/Desktop/Lab_1/Lab_1.runs/impl_1/z1top.bit} [get_hw_devices xc7z020_1]
program_hw_devices [get_hw_devices xc7z020_1]
refresh_hw_device [lindex [get_hw_devices xc7z020_1] 0]
set_property PROBES.FILE {} [get_hw_devices xc7z020_1]
set_property FULL_PROBES.FILE {} [get_hw_devices xc7z020_1]
set_property PROGRAM.FILE {C:/Users/Robby/Desktop/Lab_1/Lab_1.runs/impl_1/z1top.bit} [get_hw_devices xc7z020_1]
program_hw_devices [get_hw_devices xc7z020_1]
refresh_hw_device [lindex [get_hw_devices xc7z020_1] 0]
reset_run synth_1
launch_runs synth_1 -jobs 8
wait_on_run synth_1
